{
  "trace_available": true,
  "stage_latency_ms": {
    "capture": {
      "count": 1473,
      "p05": 0.77476,
      "p50": 0.9098,
      "p95": 1.36724,
      "max": 60.67639999673702
    },
    "display": {
      "count": 0,
      "p05": null,
      "p50": null,
      "p95": null,
      "max": null
    },
    "frame_packet": {
      "count": 0,
      "p05": null,
      "p50": null,
      "p95": null,
      "max": null
    },
    "inference_result": {
      "count": 0,
      "p05": null,
      "p50": null,
      "p95": null,
      "max": null
    },
    "ipc_enqueue": {
      "count": 1463,
      "p05": 0.01,
      "p50": 0.0122,
      "p95": 0.02019,
      "max": 0.2662999977474101
    },
    "ipc_receive": {
      "count": 0,
      "p05": null,
      "p50": null,
      "p95": null,
      "max": null
    },
    "jpeg_encode": {
      "count": 1453,
      "p05": 2.44936,
      "p50": 2.6238,
      "p95": 4.1424,
      "max": 30.603200000768993
    },
    "metadata": {
      "count": 0,
      "p05": null,
      "p50": null,
      "p95": null,
      "max": null
    },
    "person_call": {
      "count": 457,
      "p05": 0.0042,
      "p50": 70.3067,
      "p95": 100.0207,
      "max": 149.16880000237143
    },
    "person_onnx": {
      "count": 229,
      "p05": 72.01172,
      "p50": 82.5814,
      "p95": 108.877,
      "max": 149.14760000101523
    },
    "render": {
      "count": 1453,
      "p05": 2.71152,
      "p50": 3.0521,
      "p95": 4.71854,
      "max": 122.94069999916246
    },
    "violence_window": {
      "count": 146,
      "p05": 95.804725,
      "p50": 103.1835,
      "p95": 139.578875,
      "max": 148.88749999954598
    },
    "weapon_window": {
      "count": 19,
      "p05": 516.51524,
      "p50": 539.6538,
      "p95": 604.84813,
      "max": 659.976100003405
    }
  },
  "render_fps": {
    "one_second_bins": [
      28,
      30,
      29,
      30,
      30,
      27,
      30,
      30,
      28,
      29,
      28,
      30,
      30,
      30,
      30,
      26,
      30,
      30,
      28,
      30,
      27,
      30,
      29,
      30,
      28,
      30,
      28,
      30,
      29,
      30,
      31,
      27,
      30,
      29,
      30,
      30,
      25,
      30,
      30,
      27,
      32,
      27,
      30,
      28,
      31,
      30,
      25,
      30,
      30,
      27
    ],
    "count": 50,
    "p05": 26.45,
    "p50": 30.0,
    "p95": 30.55,
    "max": 32.0
  },
  "client_fps": {
    "one_second_bins": [
      28,
      30,
      29,
      29,
      31,
      27,
      30,
      30,
      28,
      29,
      28,
      30,
      30,
      30,
      30,
      26,
      30,
      30,
      28,
      30,
      27,
      30,
      29,
      30,
      28,
      30,
      28,
      30,
      29,
      30,
      31,
      27,
      30,
      29,
      30,
      30,
      25,
      30,
      30,
      27,
      32,
      27,
      30,
      28,
      31,
      30,
      25,
      30,
      20,
      0
    ],
    "count": 50,
    "p05": 25.0,
    "p50": 30.0,
    "p95": 31.0,
    "max": 32.0
  },
  "capture_fps": {
    "one_second_bins": [
      27,
      30,
      30,
      30,
      30,
      28,
      30,
      30,
      28,
      31,
      27,
      30,
      30,
      30,
      30,
      28,
      30,
      30,
      29,
      30,
      27,
      29,
      30,
      30,
      29,
      30,
      27,
      30,
      30,
      30,
      30,
      28,
      30,
      30,
      30,
      29,
      27,
      30,
      30,
      28,
      30,
      28,
      30,
      28,
      30,
      30,
      27,
      30,
      30,
      28
    ],
    "count": 50,
    "p05": 27.0,
    "p50": 30.0,
    "p95": 30.0,
    "max": 31.0
  },
  "model_call_counts": {
    "violence_window": 146,
    "weapon_window": 19,
    "person_onnx": 229,
    "person_yolo": 0
  },
  "accepted_raw_ipc_bytes_per_second": 15168384.0,
  "ipc_dropped_frames": 0,
  "alert_count": 0,
  "alert_latency": {
    "decision_count": 0,
    "sse_emitted_count": 0,
    "matched_alert_count": 0,
    "capture_to_decision_ms": {
      "count": 0,
      "p05": null,
      "p50": null,
      "p95": null,
      "max": null
    },
    "decision_to_sse_emitted_ms": {
      "count": 0,
      "p05": null,
      "p50": null,
      "p95": null,
      "max": null
    },
    "capture_to_sse_emitted_ms": {
      "count": 0,
      "p05": null,
      "p50": null,
      "p95": null,
      "max": null
    },
    "alertLatencyMs_values": [],
    "alertLatencyMs": {
      "count": 0,
      "p05": null,
      "p50": null,
      "p95": null,
      "max": null
    }
  },
  "first_display_seconds": -4.954043099998671,
  "post_set_threshold_ms": {
    "count": 100,
    "p05": 2.21271,
    "p50": 2.85265,
    "p95": 4.786565,
    "max": 15.4506000035326
  },
  "control_routes_ms": {
    "/set_threshold": {
      "count": 100,
      "p05": 2.21271,
      "p50": 2.85265,
      "p95": 4.786565,
      "max": 15.4506000035326
    }
  },
  "post_failures": [],
  "glass_to_alert_ms": null,
  "glass_to_display_ms": null,
  "unmeasured_reasons": {
    "glass_latency": "No independently verified event onset or glass-to-display clock; processing timestamps alone are not glass latency.",
    "accuracy": "No verified held-out labels provided for this throughput run.",
    "all_mutating_endpoints": "Only the recorded local control workload is exercised; external-effect/source-changing endpoints and live G-15 remain unproven."
  },
  "models": [
    {
      "violence": {
        "enabled": true,
        "device": "cuda:0",
        "is_x3d_flag": false,
        "actual_model_class": "ViolenceDetector",
        "disabled_reason": "",
        "stride": 8,
        "threshold": 0.45,
        "load_ms": 2221.3332999963313,
        "warmup_ms": 0.0,
        "inference_optimizations": {
          "cudnn_benchmark": false,
          "channels_last_3d": false,
          "pinned_host_tensor": false,
          "fp16_autocast": false,
          "preprocess_workers": 4
        },
        "module_types": [
          "AvgPool3d",
          "BatchNorm3d",
          "BottleneckBlock",
          "Conv3d",
          "Dropout",
          "FuseFastToSlow",
          "GELU",
          "Identity",
          "LayerNorm",
          "Linear",
          "MaxPool3d",
          "ModuleList",
          "MultiPathWayWithFuse",
          "Net",
          "PoolConcatPathway",
          "ReLU",
          "ResBlock",
          "ResNetBasicStem",
          "ResStage",
          "Sequential",
          "SlowFastBackbone",
          "ViolenceDetector"
        ]
      },
      "weapon": {
        "actual_backend": "_ONNXBackend",
        "config": {
          "enabled": true,
          "backend": "yolo",
          "weight_path": "./weapon_hadi_yolo.pt",
          "interval": 20,
          "min_confidence": 0.2,
          "ema_alpha": 0.45,
          "input_size": 640,
          "labels": [
            "pistol",
            "rifle",
            "shotgun",
            "knife",
            "sword",
            "revolver"
          ],
          "preload_on_startup": false,
          "min_interval_ms": 2500,
          "realtime_threshold_ms": 500,
          "independent_alert_threshold": 0.65,
          "score_decay_half_life_ms": 5000,
          "signal_ttl_ms": 10000
        },
        "ready": true,
        "failed": false,
        "reason": "ok",
        "providers": [
          "CPUExecutionProvider"
        ]
      }
    }
  ],
  "complete_gates_passed": []
}
