{
  "trace_available": true,
  "stage_latency_ms": {
    "capture": {
      "count": 1471,
      "p05": 0.75485,
      "p50": 0.8221,
      "p95": 1.13495,
      "max": 64.53200000396464
    },
    "display": {
      "count": 0,
      "p05": null,
      "p50": null,
      "p95": null,
      "max": null
    },
    "frame_packet": {
      "count": 0,
      "p05": null,
      "p50": null,
      "p95": null,
      "max": null
    },
    "inference_result": {
      "count": 0,
      "p05": null,
      "p50": null,
      "p95": null,
      "max": null
    },
    "ipc_enqueue": {
      "count": 1461,
      "p05": 0.0094,
      "p50": 0.0106,
      "p95": 0.0152,
      "max": 0.06759999814676121
    },
    "ipc_receive": {
      "count": 0,
      "p05": null,
      "p50": null,
      "p95": null,
      "max": null
    },
    "jpeg_encode": {
      "count": 1452,
      "p05": 2.441555,
      "p50": 2.5065,
      "p95": 3.98947,
      "max": 20.617400004994124
    },
    "metadata": {
      "count": 0,
      "p05": null,
      "p50": null,
      "p95": null,
      "max": null
    },
    "person_call": {
      "count": 487,
      "p05": 0.0038,
      "p50": 16.9182,
      "p95": 38.07885,
      "max": 64.57119999686256
    },
    "person_onnx": {
      "count": 244,
      "p05": 18.206435,
      "p50": 22.285,
      "p95": 40.639105,
      "max": 64.5624000026146
    },
    "render": {
      "count": 1452,
      "p05": 2.688965,
      "p50": 2.8709,
      "p95": 4.33732,
      "max": 91.1813999991864
    },
    "violence_window": {
      "count": 145,
      "p05": 63.02238,
      "p50": 84.0547,
      "p95": 98.77348,
      "max": 135.0315999952727
    },
    "weapon_window": {
      "count": 19,
      "p05": 47.61309,
      "p50": 51.776,
      "p95": 66.20052,
      "max": 71.30099999631057
    }
  },
  "render_fps": {
    "one_second_bins": [
      28,
      30,
      30,
      29,
      31,
      27,
      30,
      30,
      29,
      30,
      27,
      29,
      30,
      30,
      30,
      26,
      31,
      29,
      29,
      30,
      28,
      29,
      30,
      30,
      28,
      29,
      28,
      28,
      30,
      30,
      28,
      28,
      30,
      28,
      30,
      30,
      26,
      31,
      29,
      27,
      31,
      27,
      28,
      30,
      30,
      30,
      27,
      30,
      30,
      27
    ],
    "count": 50,
    "p05": 27.0,
    "p50": 29.5,
    "p95": 31.0,
    "max": 31.0
  },
  "client_fps": {
    "one_second_bins": [
      28,
      30,
      30,
      29,
      31,
      27,
      30,
      30,
      29,
      30,
      27,
      29,
      30,
      30,
      30,
      26,
      31,
      29,
      29,
      30,
      28,
      29,
      30,
      30,
      28,
      29,
      28,
      28,
      30,
      30,
      28,
      28,
      30,
      28,
      30,
      30,
      26,
      31,
      29,
      27,
      31,
      27,
      28,
      30,
      30,
      30,
      27,
      30,
      21,
      0
    ],
    "count": 50,
    "p05": 26.0,
    "p50": 29.0,
    "p95": 31.0,
    "max": 31.0
  },
  "capture_fps": {
    "one_second_bins": [
      27,
      30,
      30,
      30,
      30,
      28,
      29,
      30,
      31,
      30,
      27,
      28,
      31,
      30,
      30,
      26,
      30,
      30,
      30,
      30,
      27,
      30,
      31,
      30,
      30,
      28,
      29,
      28,
      30,
      30,
      29,
      28,
      30,
      29,
      29,
      31,
      26,
      30,
      30,
      28,
      30,
      28,
      28,
      30,
      30,
      30,
      27,
      30,
      30,
      28
    ],
    "count": 50,
    "p05": 27.0,
    "p50": 30.0,
    "p95": 31.0,
    "max": 31.0
  },
  "model_call_counts": {
    "violence_window": 145,
    "weapon_window": 19,
    "person_onnx": 244,
    "person_yolo": 0
  },
  "accepted_raw_ipc_bytes_per_second": 15147648.0,
  "ipc_dropped_frames": 0,
  "alert_count": 0,
  "alert_latency": {
    "decision_count": 0,
    "sse_emitted_count": 0,
    "matched_alert_count": 0,
    "capture_to_decision_ms": {
      "count": 0,
      "p05": null,
      "p50": null,
      "p95": null,
      "max": null
    },
    "decision_to_sse_emitted_ms": {
      "count": 0,
      "p05": null,
      "p50": null,
      "p95": null,
      "max": null
    },
    "capture_to_sse_emitted_ms": {
      "count": 0,
      "p05": null,
      "p50": null,
      "p95": null,
      "max": null
    },
    "alertLatencyMs_values": [],
    "alertLatencyMs": {
      "count": 0,
      "p05": null,
      "p50": null,
      "p95": null,
      "max": null
    }
  },
  "first_display_seconds": -4.961543799996434,
  "post_set_threshold_ms": {
    "count": 100,
    "p05": 2.181845,
    "p50": 2.40905,
    "p95": 3.750435,
    "max": 27.315699997416232
  },
  "control_routes_ms": {
    "/set_threshold": {
      "count": 100,
      "p05": 2.181845,
      "p50": 2.40905,
      "p95": 3.750435,
      "max": 27.315699997416232
    }
  },
  "post_failures": [],
  "glass_to_alert_ms": null,
  "glass_to_display_ms": null,
  "unmeasured_reasons": {
    "glass_latency": "No independently verified event onset or glass-to-display clock; processing timestamps alone are not glass latency.",
    "accuracy": "No verified held-out labels provided for this throughput run.",
    "all_mutating_endpoints": "Only the recorded local control workload is exercised; external-effect/source-changing endpoints and live G-15 remain unproven."
  },
  "models": [
    {
      "violence": {
        "enabled": true,
        "device": "cuda:0",
        "is_x3d_flag": false,
        "actual_model_class": "ViolenceDetector",
        "disabled_reason": "",
        "stride": 8,
        "threshold": 0.45,
        "load_ms": 2224.992800001928,
        "warmup_ms": 0.0,
        "inference_optimizations": {
          "cudnn_benchmark": false,
          "channels_last_3d": false,
          "pinned_host_tensor": false,
          "fp16_autocast": false,
          "preprocess_workers": 4
        },
        "module_types": [
          "AvgPool3d",
          "BatchNorm3d",
          "BottleneckBlock",
          "Conv3d",
          "Dropout",
          "FuseFastToSlow",
          "GELU",
          "Identity",
          "LayerNorm",
          "Linear",
          "MaxPool3d",
          "ModuleList",
          "MultiPathWayWithFuse",
          "Net",
          "PoolConcatPathway",
          "ReLU",
          "ResBlock",
          "ResNetBasicStem",
          "ResStage",
          "Sequential",
          "SlowFastBackbone",
          "ViolenceDetector"
        ]
      },
      "weapon": {
        "actual_backend": "_ONNXBackend",
        "config": {
          "enabled": true,
          "backend": "yolo",
          "weight_path": "./weapon_hadi_yolo.pt",
          "interval": 20,
          "min_confidence": 0.2,
          "ema_alpha": 0.45,
          "input_size": 640,
          "labels": [
            "pistol",
            "rifle",
            "shotgun",
            "knife",
            "sword",
            "revolver"
          ],
          "preload_on_startup": false,
          "min_interval_ms": 2500,
          "realtime_threshold_ms": 500,
          "independent_alert_threshold": 0.65,
          "score_decay_half_life_ms": 5000,
          "signal_ttl_ms": 10000
        },
        "ready": true,
        "failed": false,
        "reason": "ok",
        "providers": [
          "CUDAExecutionProvider",
          "CPUExecutionProvider"
        ]
      }
    }
  ],
  "complete_gates_passed": []
}
