{
  "trace_available": true,
  "stage_latency_ms": {
    "capture": {
      "count": 1476,
      "p05": 0.76565,
      "p50": 0.88835,
      "p95": 1.537675,
      "max": 67.88249999954132
    },
    "display": {
      "count": 0,
      "p05": null,
      "p50": null,
      "p95": null,
      "max": null
    },
    "frame_packet": {
      "count": 0,
      "p05": null,
      "p50": null,
      "p95": null,
      "max": null
    },
    "inference_result": {
      "count": 0,
      "p05": null,
      "p50": null,
      "p95": null,
      "max": null
    },
    "ipc_enqueue": {
      "count": 1467,
      "p05": 0.00973,
      "p50": 0.0115,
      "p95": 0.01977,
      "max": 0.12169999536126852
    },
    "ipc_receive": {
      "count": 0,
      "p05": null,
      "p50": null,
      "p95": null,
      "max": null
    },
    "jpeg_encode": {
      "count": 1457,
      "p05": 2.44768,
      "p50": 2.5668,
      "p95": 4.12406,
      "max": 49.736199995095376
    },
    "metadata": {
      "count": 0,
      "p05": null,
      "p50": null,
      "p95": null,
      "max": null
    },
    "person_call": {
      "count": 464,
      "p05": 0.0041,
      "p50": 33.76845,
      "p95": 95.754565,
      "max": 133.18660000368254
    },
    "person_onnx": {
      "count": 232,
      "p05": 70.155865,
      "p50": 78.56895,
      "p95": 101.103325,
      "max": 133.17409999581287
    },
    "render": {
      "count": 1457,
      "p05": 2.69658,
      "p50": 2.9749,
      "p95": 4.72584,
      "max": 105.34799999732058
    },
    "violence_window": {
      "count": 148,
      "p05": 94.995035,
      "p50": 100.58875,
      "p95": 143.48039,
      "max": 368.5750000004191
    },
    "weapon_window": {
      "count": 20,
      "p05": 493.868495,
      "p50": 515.8952,
      "p95": 561.525865,
      "max": 585.6133999986923
    }
  },
  "render_fps": {
    "one_second_bins": [
      29,
      29,
      29,
      30,
      28,
      31,
      29,
      30,
      30,
      28,
      29,
      30,
      30,
      30,
      27,
      30,
      30,
      30,
      30,
      27,
      30,
      29,
      28,
      30,
      27,
      29,
      30,
      30,
      30,
      26,
      30,
      30,
      28,
      30,
      28,
      29,
      30,
      30,
      29,
      27,
      30,
      27,
      30,
      30,
      26,
      30,
      30,
      28,
      30,
      30
    ],
    "count": 50,
    "p05": 27.0,
    "p50": 30.0,
    "p95": 30.0,
    "max": 31.0
  },
  "client_fps": {
    "one_second_bins": [
      29,
      29,
      29,
      30,
      28,
      31,
      29,
      30,
      30,
      28,
      29,
      30,
      30,
      30,
      27,
      30,
      30,
      30,
      30,
      27,
      30,
      29,
      28,
      30,
      27,
      29,
      30,
      30,
      30,
      26,
      30,
      30,
      28,
      30,
      28,
      29,
      30,
      30,
      29,
      27,
      30,
      27,
      30,
      30,
      26,
      30,
      30,
      28,
      30,
      12
    ],
    "count": 50,
    "p05": 26.45,
    "p50": 30.0,
    "p95": 30.0,
    "max": 31.0
  },
  "capture_fps": {
    "one_second_bins": [
      30,
      30,
      30,
      29,
      29,
      30,
      30,
      30,
      30,
      27,
      30,
      30,
      30,
      30,
      27,
      31,
      30,
      30,
      30,
      27,
      30,
      30,
      29,
      30,
      27,
      29,
      31,
      30,
      30,
      28,
      29,
      31,
      28,
      30,
      27,
      29,
      30,
      30,
      30,
      28,
      30,
      28,
      30,
      30,
      25,
      30,
      30,
      28,
      30,
      30
    ],
    "count": 50,
    "p05": 27.0,
    "p50": 30.0,
    "p95": 30.55,
    "max": 31.0
  },
  "model_call_counts": {
    "violence_window": 148,
    "weapon_window": 20,
    "person_onnx": 232,
    "person_yolo": 0
  },
  "accepted_raw_ipc_bytes_per_second": 15209856.0,
  "ipc_dropped_frames": 0,
  "alert_count": 0,
  "alert_latency": {
    "decision_count": 0,
    "sse_emitted_count": 0,
    "matched_alert_count": 0,
    "capture_to_decision_ms": {
      "count": 0,
      "p05": null,
      "p50": null,
      "p95": null,
      "max": null
    },
    "decision_to_sse_emitted_ms": {
      "count": 0,
      "p05": null,
      "p50": null,
      "p95": null,
      "max": null
    },
    "capture_to_sse_emitted_ms": {
      "count": 0,
      "p05": null,
      "p50": null,
      "p95": null,
      "max": null
    },
    "alertLatencyMs_values": [],
    "alertLatencyMs": {
      "count": 0,
      "p05": null,
      "p50": null,
      "p95": null,
      "max": null
    }
  },
  "first_display_seconds": -7.640182800001639,
  "post_set_threshold_ms": {
    "count": 100,
    "p05": 2.20529,
    "p50": 2.6535,
    "p95": 55.00806,
    "max": 235.8103999940795
  },
  "control_routes_ms": {
    "/set_threshold": {
      "count": 100,
      "p05": 2.20529,
      "p50": 2.6535,
      "p95": 55.00806,
      "max": 235.8103999940795
    }
  },
  "post_failures": [],
  "glass_to_alert_ms": null,
  "glass_to_display_ms": null,
  "unmeasured_reasons": {
    "glass_latency": "No independently verified event onset or glass-to-display clock; processing timestamps alone are not glass latency.",
    "accuracy": "No verified held-out labels provided for this throughput run.",
    "all_mutating_endpoints": "Only the recorded local control workload is exercised; external-effect/source-changing endpoints and live G-15 remain unproven."
  },
  "models": [
    {
      "violence": {
        "enabled": true,
        "device": "cuda:0",
        "is_x3d_flag": false,
        "actual_model_class": "ViolenceDetector",
        "disabled_reason": "",
        "stride": 8,
        "threshold": 0.45,
        "load_ms": 4880.026999999245,
        "warmup_ms": 0.0,
        "inference_optimizations": {
          "cudnn_benchmark": false,
          "channels_last_3d": false,
          "pinned_host_tensor": false,
          "fp16_autocast": false,
          "preprocess_workers": 4
        },
        "module_types": [
          "AvgPool3d",
          "BatchNorm3d",
          "BottleneckBlock",
          "Conv3d",
          "Dropout",
          "FuseFastToSlow",
          "GELU",
          "Identity",
          "LayerNorm",
          "Linear",
          "MaxPool3d",
          "ModuleList",
          "MultiPathWayWithFuse",
          "Net",
          "PoolConcatPathway",
          "ReLU",
          "ResBlock",
          "ResNetBasicStem",
          "ResStage",
          "Sequential",
          "SlowFastBackbone",
          "ViolenceDetector"
        ]
      },
      "weapon": {
        "actual_backend": "_ONNXBackend",
        "config": {
          "enabled": true,
          "backend": "yolo",
          "weight_path": "./weapon_hadi_yolo.pt",
          "interval": 20,
          "min_confidence": 0.2,
          "ema_alpha": 0.45,
          "input_size": 640,
          "labels": [
            "pistol",
            "rifle",
            "shotgun",
            "knife",
            "sword",
            "revolver"
          ],
          "preload_on_startup": false,
          "min_interval_ms": 2500,
          "realtime_threshold_ms": 500,
          "independent_alert_threshold": 0.65,
          "score_decay_half_life_ms": 5000,
          "signal_ttl_ms": 10000
        },
        "ready": true,
        "failed": false,
        "reason": "ok",
        "providers": [
          "CPUExecutionProvider"
        ]
      }
    }
  ],
  "complete_gates_passed": []
}
