{
  "trace_available": true,
  "stage_latency_ms": {
    "capture": {
      "count": 1472,
      "p05": 0.7581,
      "p50": 0.8303,
      "p95": 1.34627,
      "max": 52.80299999867566
    },
    "display": {
      "count": 0,
      "p05": null,
      "p50": null,
      "p95": null,
      "max": null
    },
    "frame_packet": {
      "count": 0,
      "p05": null,
      "p50": null,
      "p95": null,
      "max": null
    },
    "inference_result": {
      "count": 0,
      "p05": null,
      "p50": null,
      "p95": null,
      "max": null
    },
    "ipc_enqueue": {
      "count": 1462,
      "p05": 0.0094,
      "p50": 0.0107,
      "p95": 0.017195,
      "max": 0.041600003896746784
    },
    "ipc_receive": {
      "count": 0,
      "p05": null,
      "p50": null,
      "p95": null,
      "max": null
    },
    "jpeg_encode": {
      "count": 1456,
      "p05": 2.4413,
      "p50": 2.5068,
      "p95": 4.0173,
      "max": 15.346399995905813
    },
    "metadata": {
      "count": 0,
      "p05": null,
      "p50": null,
      "p95": null,
      "max": null
    },
    "person_call": {
      "count": 488,
      "p05": 0.0038,
      "p50": 8.41725,
      "p95": 64.1385,
      "max": 90.22109999932582
    },
    "person_onnx": {
      "count": 244,
      "p05": 18.60771,
      "p50": 22.0456,
      "p95": 68.04474,
      "max": 90.21460000076331
    },
    "render": {
      "count": 1456,
      "p05": 2.68315,
      "p50": 2.86595,
      "p95": 4.4822,
      "max": 96.74429999722634
    },
    "violence_window": {
      "count": 146,
      "p05": 63.951925,
      "p50": 85.4845,
      "p95": 112.527375,
      "max": 145.33940000546863
    },
    "weapon_window": {
      "count": 20,
      "p05": 49.071905,
      "p50": 52.8575,
      "p95": 63.19475,
      "max": 70.10599999921396
    }
  },
  "render_fps": {
    "one_second_bins": [
      30,
      30,
      27,
      30,
      29,
      31,
      30,
      25,
      30,
      30,
      29,
      30,
      27,
      30,
      30,
      31,
      29,
      28,
      30,
      29,
      30,
      30,
      25,
      30,
      30,
      31,
      29,
      27,
      28,
      30,
      30,
      28,
      32,
      27,
      30,
      29,
      30,
      30,
      26,
      30,
      30,
      28,
      30,
      28,
      27,
      30,
      30,
      29,
      27,
      30
    ],
    "count": 50,
    "p05": 26.45,
    "p50": 30.0,
    "p95": 31.0,
    "max": 32.0
  },
  "client_fps": {
    "one_second_bins": [
      30,
      30,
      27,
      30,
      29,
      30,
      31,
      25,
      30,
      30,
      29,
      30,
      27,
      30,
      30,
      31,
      29,
      28,
      30,
      29,
      30,
      30,
      25,
      30,
      30,
      31,
      29,
      27,
      28,
      30,
      30,
      27,
      33,
      27,
      30,
      29,
      30,
      30,
      26,
      30,
      30,
      28,
      30,
      28,
      27,
      30,
      30,
      29,
      27,
      18
    ],
    "count": 50,
    "p05": 25.45,
    "p50": 30.0,
    "p95": 31.0,
    "max": 33.0
  },
  "capture_fps": {
    "one_second_bins": [
      29,
      31,
      27,
      30,
      30,
      30,
      30,
      27,
      30,
      29,
      30,
      31,
      27,
      30,
      30,
      30,
      30,
      28,
      30,
      29,
      29,
      30,
      26,
      30,
      30,
      30,
      30,
      27,
      28,
      30,
      31,
      28,
      31,
      28,
      30,
      28,
      30,
      30,
      27,
      30,
      30,
      29,
      31,
      27,
      27,
      31,
      30,
      28,
      28,
      30
    ],
    "count": 50,
    "p05": 27.0,
    "p50": 30.0,
    "p95": 31.0,
    "max": 31.0
  },
  "model_call_counts": {
    "violence_window": 146,
    "weapon_window": 20,
    "person_onnx": 244,
    "person_yolo": 0
  },
  "accepted_raw_ipc_bytes_per_second": 15158016.0,
  "ipc_dropped_frames": 0,
  "alert_count": 0,
  "alert_latency": {
    "decision_count": 0,
    "sse_emitted_count": 0,
    "matched_alert_count": 0,
    "capture_to_decision_ms": {
      "count": 0,
      "p05": null,
      "p50": null,
      "p95": null,
      "max": null
    },
    "decision_to_sse_emitted_ms": {
      "count": 0,
      "p05": null,
      "p50": null,
      "p95": null,
      "max": null
    },
    "capture_to_sse_emitted_ms": {
      "count": 0,
      "p05": null,
      "p50": null,
      "p95": null,
      "max": null
    },
    "alertLatencyMs_values": [],
    "alertLatencyMs": {
      "count": 0,
      "p05": null,
      "p50": null,
      "p95": null,
      "max": null
    }
  },
  "first_display_seconds": -8.28520330000174,
  "post_set_threshold_ms": {
    "count": 100,
    "p05": 2.21175,
    "p50": 2.62535,
    "p95": 122.603475,
    "max": 406.977900005586
  },
  "control_routes_ms": {
    "/set_threshold": {
      "count": 100,
      "p05": 2.21175,
      "p50": 2.62535,
      "p95": 122.603475,
      "max": 406.977900005586
    }
  },
  "post_failures": [],
  "glass_to_alert_ms": null,
  "glass_to_display_ms": null,
  "unmeasured_reasons": {
    "glass_latency": "No independently verified event onset or glass-to-display clock; processing timestamps alone are not glass latency.",
    "accuracy": "No verified held-out labels provided for this throughput run.",
    "all_mutating_endpoints": "Only the recorded local control workload is exercised; external-effect/source-changing endpoints and live G-15 remain unproven."
  },
  "models": [
    {
      "violence": {
        "enabled": true,
        "device": "cuda:0",
        "is_x3d_flag": false,
        "actual_model_class": "ViolenceDetector",
        "disabled_reason": "",
        "stride": 8,
        "threshold": 0.45,
        "load_ms": 4512.783700003638,
        "warmup_ms": 0.0,
        "inference_optimizations": {
          "cudnn_benchmark": false,
          "channels_last_3d": false,
          "pinned_host_tensor": false,
          "fp16_autocast": false,
          "preprocess_workers": 4
        },
        "module_types": [
          "AvgPool3d",
          "BatchNorm3d",
          "BottleneckBlock",
          "Conv3d",
          "Dropout",
          "FuseFastToSlow",
          "GELU",
          "Identity",
          "LayerNorm",
          "Linear",
          "MaxPool3d",
          "ModuleList",
          "MultiPathWayWithFuse",
          "Net",
          "PoolConcatPathway",
          "ReLU",
          "ResBlock",
          "ResNetBasicStem",
          "ResStage",
          "Sequential",
          "SlowFastBackbone",
          "ViolenceDetector"
        ]
      },
      "weapon": {
        "actual_backend": "_ONNXBackend",
        "config": {
          "enabled": true,
          "backend": "yolo",
          "weight_path": "./weapon_hadi_yolo.pt",
          "interval": 20,
          "min_confidence": 0.2,
          "ema_alpha": 0.45,
          "input_size": 640,
          "labels": [
            "pistol",
            "rifle",
            "shotgun",
            "knife",
            "sword",
            "revolver"
          ],
          "preload_on_startup": false,
          "min_interval_ms": 2500,
          "realtime_threshold_ms": 500,
          "independent_alert_threshold": 0.65,
          "score_decay_half_life_ms": 5000,
          "signal_ttl_ms": 10000
        },
        "ready": true,
        "failed": false,
        "reason": "ok",
        "providers": [
          "CUDAExecutionProvider",
          "CPUExecutionProvider"
        ]
      }
    }
  ],
  "complete_gates_passed": []
}
