{
  "trace_available": true,
  "stage_latency_ms": {
    "capture": {
      "count": 1472,
      "p05": 0.764465,
      "p50": 0.86915,
      "p95": 1.25499,
      "max": 63.998700003139675
    },
    "display": {
      "count": 0,
      "p05": null,
      "p50": null,
      "p95": null,
      "max": null
    },
    "frame_packet": {
      "count": 0,
      "p05": null,
      "p50": null,
      "p95": null,
      "max": null
    },
    "inference_result": {
      "count": 0,
      "p05": null,
      "p50": null,
      "p95": null,
      "max": null
    },
    "ipc_enqueue": {
      "count": 1463,
      "p05": 0.01,
      "p50": 0.0119,
      "p95": 0.01709,
      "max": 0.14940000255592167
    },
    "ipc_receive": {
      "count": 0,
      "p05": null,
      "p50": null,
      "p95": null,
      "max": null
    },
    "jpeg_encode": {
      "count": 1455,
      "p05": 2.45661,
      "p50": 2.5636,
      "p95": 4.07806,
      "max": 49.07529999763938
    },
    "metadata": {
      "count": 0,
      "p05": null,
      "p50": null,
      "p95": null,
      "max": null
    },
    "person_call": {
      "count": 62,
      "p05": 0.0027,
      "p50": 712.543,
      "p95": 1579.120435,
      "max": 1665.1598999960697
    },
    "person_yolo": {
      "count": 31,
      "p05": 1456.38035,
      "p50": 1501.2914,
      "p95": 1620.89955,
      "max": 1665.023999994446
    },
    "render": {
      "count": 1455,
      "p05": 2.72164,
      "p50": 2.9263,
      "p95": 4.49645,
      "max": 102.9802999983076
    },
    "violence_window": {
      "count": 145,
      "p05": 89.99748,
      "p50": 96.6475,
      "p95": 122.21562,
      "max": 132.28109999909066
    },
    "weapon_window": {
      "count": 20,
      "p05": 11.32009,
      "p50": 12.0088,
      "p95": 19.86994,
      "max": 25.73409999604337
    }
  },
  "render_fps": {
    "one_second_bins": [
      30,
      30,
      29,
      31,
      29,
      27,
      30,
      30,
      29,
      30,
      27,
      27,
      31,
      29,
      28,
      27,
      30,
      30,
      30,
      30,
      26,
      30,
      30,
      29,
      30,
      27,
      27,
      32,
      30,
      30,
      27,
      30,
      30,
      28,
      30,
      27,
      29,
      30,
      30,
      29,
      27,
      30,
      29,
      29,
      31,
      28,
      28,
      29,
      29,
      30
    ],
    "count": 50,
    "p05": 27.0,
    "p50": 29.5,
    "p95": 31.0,
    "max": 32.0
  },
  "client_fps": {
    "one_second_bins": [
      30,
      30,
      29,
      31,
      29,
      27,
      30,
      30,
      29,
      30,
      27,
      27,
      31,
      29,
      28,
      27,
      30,
      30,
      29,
      31,
      26,
      30,
      30,
      29,
      30,
      27,
      27,
      32,
      30,
      30,
      27,
      30,
      30,
      28,
      30,
      27,
      29,
      30,
      30,
      29,
      27,
      30,
      28,
      30,
      31,
      28,
      28,
      29,
      29,
      17
    ],
    "count": 50,
    "p05": 27.0,
    "p50": 29.0,
    "p95": 31.0,
    "max": 32.0
  },
  "capture_fps": {
    "one_second_bins": [
      30,
      30,
      30,
      30,
      29,
      28,
      30,
      30,
      30,
      30,
      28,
      28,
      30,
      30,
      29,
      27,
      30,
      30,
      30,
      30,
      27,
      30,
      30,
      30,
      30,
      28,
      27,
      31,
      30,
      30,
      28,
      30,
      30,
      27,
      30,
      28,
      30,
      30,
      30,
      29,
      27,
      30,
      28,
      30,
      30,
      29,
      27,
      30,
      28,
      30
    ],
    "count": 50,
    "p05": 27.0,
    "p50": 30.0,
    "p95": 30.0,
    "max": 31.0
  },
  "model_call_counts": {
    "violence_window": 145,
    "weapon_window": 20,
    "person_onnx": 0,
    "person_yolo": 31
  },
  "accepted_raw_ipc_bytes_per_second": 15168384.0,
  "ipc_dropped_frames": 0,
  "alert_count": 0,
  "alert_latency": {
    "decision_count": 0,
    "sse_emitted_count": 0,
    "matched_alert_count": 0,
    "capture_to_decision_ms": {
      "count": 0,
      "p05": null,
      "p50": null,
      "p95": null,
      "max": null
    },
    "decision_to_sse_emitted_ms": {
      "count": 0,
      "p05": null,
      "p50": null,
      "p95": null,
      "max": null
    },
    "capture_to_sse_emitted_ms": {
      "count": 0,
      "p05": null,
      "p50": null,
      "p95": null,
      "max": null
    },
    "alertLatencyMs_values": [],
    "alertLatencyMs": {
      "count": 0,
      "p05": null,
      "p50": null,
      "p95": null,
      "max": null
    }
  },
  "first_display_seconds": -5.455958999998984,
  "post_set_threshold_ms": {
    "count": 100,
    "p05": 2.25947,
    "p50": 2.58275,
    "p95": 4.197385,
    "max": 22.614899993641302
  },
  "control_routes_ms": {
    "/set_threshold": {
      "count": 100,
      "p05": 2.25947,
      "p50": 2.58275,
      "p95": 4.197385,
      "max": 22.614899993641302
    }
  },
  "post_failures": [],
  "glass_to_alert_ms": null,
  "glass_to_display_ms": null,
  "unmeasured_reasons": {
    "glass_latency": "No independently verified event onset or glass-to-display clock; processing timestamps alone are not glass latency.",
    "accuracy": "No verified held-out labels provided for this throughput run.",
    "all_mutating_endpoints": "Only the recorded local control workload is exercised; external-effect/source-changing endpoints and live G-15 remain unproven."
  },
  "models": [
    {
      "violence": {
        "enabled": true,
        "device": "cuda:0",
        "is_x3d_flag": false,
        "actual_model_class": "ViolenceDetector",
        "disabled_reason": "",
        "stride": 8,
        "threshold": 0.45,
        "load_ms": 2334.4708000004175,
        "warmup_ms": 0.0,
        "inference_optimizations": {
          "cudnn_benchmark": false,
          "channels_last_3d": false,
          "pinned_host_tensor": false,
          "fp16_autocast": false,
          "preprocess_workers": 4
        },
        "module_types": [
          "AvgPool3d",
          "BatchNorm3d",
          "BottleneckBlock",
          "Conv3d",
          "Dropout",
          "FuseFastToSlow",
          "GELU",
          "Identity",
          "LayerNorm",
          "Linear",
          "MaxPool3d",
          "ModuleList",
          "MultiPathWayWithFuse",
          "Net",
          "PoolConcatPathway",
          "ReLU",
          "ResBlock",
          "ResNetBasicStem",
          "ResStage",
          "Sequential",
          "SlowFastBackbone",
          "ViolenceDetector"
        ]
      },
      "weapon": {
        "actual_backend": "_YOLOBackend",
        "config": {
          "enabled": true,
          "backend": "yolo",
          "weight_path": "./weapon_hadi_yolo.pt",
          "interval": 20,
          "min_confidence": 0.2,
          "ema_alpha": 0.45,
          "input_size": 640,
          "labels": [
            "pistol",
            "rifle",
            "shotgun",
            "knife",
            "sword",
            "revolver"
          ],
          "preload_on_startup": false,
          "min_interval_ms": 2500,
          "realtime_threshold_ms": 500,
          "independent_alert_threshold": 0.65,
          "score_decay_half_life_ms": 5000,
          "signal_ttl_ms": 10000
        },
        "ready": true,
        "failed": false,
        "reason": "ok"
      }
    }
  ],
  "complete_gates_passed": []
}
