{
  "trace_available": true,
  "stage_latency_ms": {
    "capture": {
      "count": 1474,
      "p05": 0.766195,
      "p50": 0.8794,
      "p95": 1.23051,
      "max": 59.91070000163745
    },
    "display": {
      "count": 0,
      "p05": null,
      "p50": null,
      "p95": null,
      "max": null
    },
    "frame_packet": {
      "count": 0,
      "p05": null,
      "p50": null,
      "p95": null,
      "max": null
    },
    "inference_result": {
      "count": 0,
      "p05": null,
      "p50": null,
      "p95": null,
      "max": null
    },
    "ipc_enqueue": {
      "count": 1465,
      "p05": 0.01,
      "p50": 0.0121,
      "p95": 0.0174,
      "max": 0.07020000339252874
    },
    "ipc_receive": {
      "count": 0,
      "p05": null,
      "p50": null,
      "p95": null,
      "max": null
    },
    "jpeg_encode": {
      "count": 1454,
      "p05": 2.4495,
      "p50": 2.57415,
      "p95": 4.06379,
      "max": 12.717400000838097
    },
    "metadata": {
      "count": 0,
      "p05": null,
      "p50": null,
      "p95": null,
      "max": null
    },
    "person_call": {
      "count": 60,
      "p05": 0.003095,
      "p50": 714.6176,
      "p95": 1569.08348,
      "max": 1605.8276000039768
    },
    "person_yolo": {
      "count": 30,
      "p05": 1448.126495,
      "p50": 1511.03815,
      "p95": 1581.828935,
      "max": 1605.7116000010865
    },
    "render": {
      "count": 1454,
      "p05": 2.711995,
      "p50": 2.9407,
      "p95": 4.50711,
      "max": 116.17760000081034
    },
    "violence_window": {
      "count": 149,
      "p05": 90.96518,
      "p50": 96.8427,
      "p95": 129.1943,
      "max": 139.3811000016285
    },
    "weapon_window": {
      "count": 19,
      "p05": 11.59346,
      "p50": 11.9126,
      "p95": 18.56088,
      "max": 21.660300000803545
    }
  },
  "render_fps": {
    "one_second_bins": [
      30,
      30,
      29,
      30,
      28,
      30,
      29,
      31,
      29,
      27,
      30,
      29,
      30,
      30,
      27,
      30,
      30,
      28,
      30,
      28,
      29,
      29,
      30,
      28,
      27,
      31,
      27,
      31,
      29,
      28,
      30,
      30,
      28,
      31,
      27,
      31,
      28,
      30,
      30,
      25,
      30,
      30,
      28,
      30,
      30,
      25,
      30,
      30,
      27,
      30
    ],
    "count": 50,
    "p05": 27.0,
    "p50": 30.0,
    "p95": 31.0,
    "max": 31.0
  },
  "client_fps": {
    "one_second_bins": [
      30,
      30,
      29,
      30,
      28,
      30,
      29,
      31,
      29,
      27,
      30,
      29,
      30,
      30,
      27,
      30,
      30,
      28,
      30,
      28,
      29,
      29,
      30,
      28,
      27,
      31,
      27,
      30,
      30,
      28,
      30,
      30,
      28,
      31,
      27,
      30,
      29,
      30,
      30,
      25,
      30,
      30,
      28,
      30,
      30,
      25,
      30,
      30,
      15,
      0
    ],
    "count": 50,
    "p05": 25.0,
    "p50": 30.0,
    "p95": 30.55,
    "max": 31.0
  },
  "capture_fps": {
    "one_second_bins": [
      30,
      30,
      30,
      30,
      27,
      30,
      30,
      30,
      30,
      27,
      31,
      29,
      30,
      31,
      27,
      30,
      30,
      28,
      31,
      27,
      30,
      30,
      30,
      29,
      27,
      30,
      30,
      30,
      30,
      27,
      30,
      31,
      30,
      29,
      28,
      30,
      29,
      30,
      30,
      24,
      31,
      29,
      28,
      30,
      30,
      26,
      30,
      30,
      29,
      30
    ],
    "count": 50,
    "p05": 27.0,
    "p50": 30.0,
    "p95": 31.0,
    "max": 31.0
  },
  "model_call_counts": {
    "violence_window": 149,
    "weapon_window": 19,
    "person_onnx": 0,
    "person_yolo": 30
  },
  "accepted_raw_ipc_bytes_per_second": 15189120.0,
  "ipc_dropped_frames": 0,
  "alert_count": 0,
  "alert_latency": {
    "decision_count": 0,
    "sse_emitted_count": 0,
    "matched_alert_count": 0,
    "capture_to_decision_ms": {
      "count": 0,
      "p05": null,
      "p50": null,
      "p95": null,
      "max": null
    },
    "decision_to_sse_emitted_ms": {
      "count": 0,
      "p05": null,
      "p50": null,
      "p95": null,
      "max": null
    },
    "capture_to_sse_emitted_ms": {
      "count": 0,
      "p05": null,
      "p50": null,
      "p95": null,
      "max": null
    },
    "alertLatencyMs_values": [],
    "alertLatencyMs": {
      "count": 0,
      "p05": null,
      "p50": null,
      "p95": null,
      "max": null
    }
  },
  "first_display_seconds": -6.44486990000587,
  "post_set_threshold_ms": {
    "count": 100,
    "p05": 2.29063,
    "p50": 2.5926,
    "p95": 4.293725,
    "max": 47.93870000139577
  },
  "control_routes_ms": {
    "/set_threshold": {
      "count": 100,
      "p05": 2.29063,
      "p50": 2.5926,
      "p95": 4.293725,
      "max": 47.93870000139577
    }
  },
  "post_failures": [],
  "glass_to_alert_ms": null,
  "glass_to_display_ms": null,
  "unmeasured_reasons": {
    "glass_latency": "No independently verified event onset or glass-to-display clock; processing timestamps alone are not glass latency.",
    "accuracy": "No verified held-out labels provided for this throughput run.",
    "all_mutating_endpoints": "Only the recorded local control workload is exercised; external-effect/source-changing endpoints and live G-15 remain unproven."
  },
  "models": [
    {
      "violence": {
        "enabled": true,
        "device": "cuda:0",
        "is_x3d_flag": false,
        "actual_model_class": "ViolenceDetector",
        "disabled_reason": "",
        "stride": 8,
        "threshold": 0.45,
        "load_ms": 3146.2423999983002,
        "warmup_ms": 0.0,
        "inference_optimizations": {
          "cudnn_benchmark": false,
          "channels_last_3d": false,
          "pinned_host_tensor": false,
          "fp16_autocast": false,
          "preprocess_workers": 4
        },
        "module_types": [
          "AvgPool3d",
          "BatchNorm3d",
          "BottleneckBlock",
          "Conv3d",
          "Dropout",
          "FuseFastToSlow",
          "GELU",
          "Identity",
          "LayerNorm",
          "Linear",
          "MaxPool3d",
          "ModuleList",
          "MultiPathWayWithFuse",
          "Net",
          "PoolConcatPathway",
          "ReLU",
          "ResBlock",
          "ResNetBasicStem",
          "ResStage",
          "Sequential",
          "SlowFastBackbone",
          "ViolenceDetector"
        ]
      },
      "weapon": {
        "actual_backend": "_YOLOBackend",
        "config": {
          "enabled": true,
          "backend": "yolo",
          "weight_path": "./weapon_hadi_yolo.pt",
          "interval": 20,
          "min_confidence": 0.2,
          "ema_alpha": 0.45,
          "input_size": 640,
          "labels": [
            "pistol",
            "rifle",
            "shotgun",
            "knife",
            "sword",
            "revolver"
          ],
          "preload_on_startup": false,
          "min_interval_ms": 2500,
          "realtime_threshold_ms": 500,
          "independent_alert_threshold": 0.65,
          "score_decay_half_life_ms": 5000,
          "signal_ttl_ms": 10000
        },
        "ready": true,
        "failed": false,
        "reason": "ok"
      }
    }
  ],
  "complete_gates_passed": []
}
